"""Customised configuration for the Airflow webserver.

"""
from __future__ import annotations

import os
from airflow.www.fab_security.manager import AUTH_OAUTH


basedir = os.path.abspath(os.path.dirname(__file__))

# Flask-WTF flag for CSRF
WTF_CSRF_ENABLED = True

# ----------------------------------------------------
# AUTHENTICATION CONFIG
# ----------------------------------------------------
#
# The supported authentication type.
AUTH_TYPE = AUTH_OAUTH

# Will allow user self registration.
AUTH_USER_REGISTRATION = True

# If we should replace ALL the user's roles each login, or only on registration.
AUTH_ROLES_SYNC_AT_LOGIN = True

# Force users to re-auth after 30 minutes of inactivity (to keep roles in sync).
PERMANENT_SESSION_LIFETIME = 1800

AZURE_AD_TENANT_ID = os.environ.get("AZURE_AD_TENANT_ID")
AZURE_AD_APPLICATION_ID = os.environ.get("AZURE_AD_APPLICATION_ID")
AZURE_AD_SECRET = os.environ.get("AZURE_AD_SECRET")

OAUTH_PROVIDERS = [
    {
        "name": "google",
        "token_key": "access_token",
        "icon": "fa-google",
        "remote_app": {
            "api_base_url": "https://www.googleapis.com/oauth2/v2/",
            "client_kwargs": {"scope": "email profile"},
            "access_token_url": "https://accounts.google.com/o/oauth2/token",
            "authorize_url": "https://accounts.google.com/o/oauth2/auth",
            "request_token_url": None,
            "client_id": os.environ.get("GOOGLE_IAM_KEY"),
            "client_secret": os.environ.get("GOOGLE_IAM_SECRET_KEY"),
        },
    },
    {
        "name": "azure",
        "token_key": "access_token",
        "icon": "fa-windows",
        "remote_app": {
            "api_base_url": f"https://login.microsoftonline.com/{AZURE_AD_TENANT_ID}/oauth2",
            "client_kwargs": {
                "scope": "User.read name preferred_username email profile upn",
                "resource": f"{AZURE_AD_APPLICATION_ID}",
            },
            "access_token_url": f"https://login.microsoftonline.com/{AZURE_AD_TENANT_ID}/oauth2/token",
            "authorize_url": f"https://login.microsoftonline.com/{AZURE_AD_TENANT_ID}/oauth2/authorize",
            "request_token_url": None,
            "client_id": f"{AZURE_AD_APPLICATION_ID}",
            "client_secret": f"{AZURE_AD_SECRET}",
        },
    },
]
